// Jest Snapshot v1, https://goo.gl/fbAQLP

exports[`Snapshot Tests 1`] = `
Object {
  "Resources": Object {
    "WorkshopVPCEB5EA86E": Object {
      "Properties": Object {
        "CidrBlock": "10.0.0.0/16",
        "EnableDnsHostnames": true,
        "EnableDnsSupport": true,
        "InstanceTenancy": "default",
        "Tags": Array [
          Object {
            "Key": "Name",
            "Value": "VPCStack/WorkshopVPC",
          },
        ],
      },
      "Type": "AWS::EC2::VPC",
    },
    "WorkshopVPCIGW461A4069": Object {
      "Properties": Object {
        "Tags": Array [
          Object {
            "Key": "Name",
            "Value": "VPCStack/WorkshopVPC",
          },
        ],
      },
      "Type": "AWS::EC2::InternetGateway",
    },
    "WorkshopVPCVPCGWE7DB3F39": Object {
      "Properties": Object {
        "InternetGatewayId": Object {
          "Ref": "WorkshopVPCIGW461A4069",
        },
        "VpcId": Object {
          "Ref": "WorkshopVPCEB5EA86E",
        },
      },
      "Type": "AWS::EC2::VPCGatewayAttachment",
    },
    "WorkshopVPCprivateSubnet1DefaultRoute11A1F901": Object {
      "Properties": Object {
        "DestinationCidrBlock": "0.0.0.0/0",
        "NatGatewayId": Object {
          "Ref": "WorkshopVPCpublicSubnet1NATGateway66E0CE06",
        },
        "RouteTableId": Object {
          "Ref": "WorkshopVPCprivateSubnet1RouteTable5F1E4169",
        },
      },
      "Type": "AWS::EC2::Route",
    },
    "WorkshopVPCprivateSubnet1RouteTable5F1E4169": Object {
      "Properties": Object {
        "Tags": Array [
          Object {
            "Key": "Name",
            "Value": "VPCStack/WorkshopVPC/privateSubnet1",
          },
        ],
        "VpcId": Object {
          "Ref": "WorkshopVPCEB5EA86E",
        },
      },
      "Type": "AWS::EC2::RouteTable",
    },
    "WorkshopVPCprivateSubnet1RouteTableAssociation3F94C6AC": Object {
      "Properties": Object {
        "RouteTableId": Object {
          "Ref": "WorkshopVPCprivateSubnet1RouteTable5F1E4169",
        },
        "SubnetId": Object {
          "Ref": "WorkshopVPCprivateSubnet1Subnet3A829D6F",
        },
      },
      "Type": "AWS::EC2::SubnetRouteTableAssociation",
    },
    "WorkshopVPCprivateSubnet1Subnet3A829D6F": Object {
      "Properties": Object {
        "AvailabilityZone": Object {
          "Fn::Select": Array [
            0,
            Object {
              "Fn::GetAZs": "",
            },
          ],
        },
        "CidrBlock": "10.0.2.0/24",
        "MapPublicIpOnLaunch": false,
        "Tags": Array [
          Object {
            "Key": "aws-cdk:subnet-name",
            "Value": "private",
          },
          Object {
            "Key": "aws-cdk:subnet-type",
            "Value": "Private",
          },
          Object {
            "Key": "Name",
            "Value": "VPCStack/WorkshopVPC/privateSubnet1",
          },
        ],
        "VpcId": Object {
          "Ref": "WorkshopVPCEB5EA86E",
        },
      },
      "Type": "AWS::EC2::Subnet",
    },
    "WorkshopVPCprivateSubnet2DefaultRoute288AF3EA": Object {
      "Properties": Object {
        "DestinationCidrBlock": "0.0.0.0/0",
        "NatGatewayId": Object {
          "Ref": "WorkshopVPCpublicSubnet2NATGatewayEF44A90D",
        },
        "RouteTableId": Object {
          "Ref": "WorkshopVPCprivateSubnet2RouteTableFC058447",
        },
      },
      "Type": "AWS::EC2::Route",
    },
    "WorkshopVPCprivateSubnet2RouteTableAssociation2A9AEB9A": Object {
      "Properties": Object {
        "RouteTableId": Object {
          "Ref": "WorkshopVPCprivateSubnet2RouteTableFC058447",
        },
        "SubnetId": Object {
          "Ref": "WorkshopVPCprivateSubnet2Subnet786F2147",
        },
      },
      "Type": "AWS::EC2::SubnetRouteTableAssociation",
    },
    "WorkshopVPCprivateSubnet2RouteTableFC058447": Object {
      "Properties": Object {
        "Tags": Array [
          Object {
            "Key": "Name",
            "Value": "VPCStack/WorkshopVPC/privateSubnet2",
          },
        ],
        "VpcId": Object {
          "Ref": "WorkshopVPCEB5EA86E",
        },
      },
      "Type": "AWS::EC2::RouteTable",
    },
    "WorkshopVPCprivateSubnet2Subnet786F2147": Object {
      "Properties": Object {
        "AvailabilityZone": Object {
          "Fn::Select": Array [
            1,
            Object {
              "Fn::GetAZs": "",
            },
          ],
        },
        "CidrBlock": "10.0.3.0/24",
        "MapPublicIpOnLaunch": false,
        "Tags": Array [
          Object {
            "Key": "aws-cdk:subnet-name",
            "Value": "private",
          },
          Object {
            "Key": "aws-cdk:subnet-type",
            "Value": "Private",
          },
          Object {
            "Key": "Name",
            "Value": "VPCStack/WorkshopVPC/privateSubnet2",
          },
        ],
        "VpcId": Object {
          "Ref": "WorkshopVPCEB5EA86E",
        },
      },
      "Type": "AWS::EC2::Subnet",
    },
    "WorkshopVPCpublicSubnet1DefaultRoute99487CA1": Object {
      "DependsOn": Array [
        "WorkshopVPCVPCGWE7DB3F39",
      ],
      "Properties": Object {
        "DestinationCidrBlock": "0.0.0.0/0",
        "GatewayId": Object {
          "Ref": "WorkshopVPCIGW461A4069",
        },
        "RouteTableId": Object {
          "Ref": "WorkshopVPCpublicSubnet1RouteTableA683EC6E",
        },
      },
      "Type": "AWS::EC2::Route",
    },
    "WorkshopVPCpublicSubnet1EIP7158FBF0": Object {
      "Properties": Object {
        "Domain": "vpc",
        "Tags": Array [
          Object {
            "Key": "Name",
            "Value": "VPCStack/WorkshopVPC/publicSubnet1",
          },
        ],
      },
      "Type": "AWS::EC2::EIP",
    },
    "WorkshopVPCpublicSubnet1NATGateway66E0CE06": Object {
      "Properties": Object {
        "AllocationId": Object {
          "Fn::GetAtt": Array [
            "WorkshopVPCpublicSubnet1EIP7158FBF0",
            "AllocationId",
          ],
        },
        "SubnetId": Object {
          "Ref": "WorkshopVPCpublicSubnet1Subnet121CA209",
        },
        "Tags": Array [
          Object {
            "Key": "Name",
            "Value": "VPCStack/WorkshopVPC/publicSubnet1",
          },
        ],
      },
      "Type": "AWS::EC2::NatGateway",
    },
    "WorkshopVPCpublicSubnet1RouteTableA683EC6E": Object {
      "Properties": Object {
        "Tags": Array [
          Object {
            "Key": "Name",
            "Value": "VPCStack/WorkshopVPC/publicSubnet1",
          },
        ],
        "VpcId": Object {
          "Ref": "WorkshopVPCEB5EA86E",
        },
      },
      "Type": "AWS::EC2::RouteTable",
    },
    "WorkshopVPCpublicSubnet1RouteTableAssociation5BCDAD57": Object {
      "Properties": Object {
        "RouteTableId": Object {
          "Ref": "WorkshopVPCpublicSubnet1RouteTableA683EC6E",
        },
        "SubnetId": Object {
          "Ref": "WorkshopVPCpublicSubnet1Subnet121CA209",
        },
      },
      "Type": "AWS::EC2::SubnetRouteTableAssociation",
    },
    "WorkshopVPCpublicSubnet1Subnet121CA209": Object {
      "Properties": Object {
        "AvailabilityZone": Object {
          "Fn::Select": Array [
            0,
            Object {
              "Fn::GetAZs": "",
            },
          ],
        },
        "CidrBlock": "10.0.0.0/24",
        "MapPublicIpOnLaunch": true,
        "Tags": Array [
          Object {
            "Key": "aws-cdk:subnet-name",
            "Value": "public",
          },
          Object {
            "Key": "aws-cdk:subnet-type",
            "Value": "Public",
          },
          Object {
            "Key": "Name",
            "Value": "VPCStack/WorkshopVPC/publicSubnet1",
          },
        ],
        "VpcId": Object {
          "Ref": "WorkshopVPCEB5EA86E",
        },
      },
      "Type": "AWS::EC2::Subnet",
    },
    "WorkshopVPCpublicSubnet2DefaultRoute4C6BE8AC": Object {
      "DependsOn": Array [
        "WorkshopVPCVPCGWE7DB3F39",
      ],
      "Properties": Object {
        "DestinationCidrBlock": "0.0.0.0/0",
        "GatewayId": Object {
          "Ref": "WorkshopVPCIGW461A4069",
        },
        "RouteTableId": Object {
          "Ref": "WorkshopVPCpublicSubnet2RouteTableCD447869",
        },
      },
      "Type": "AWS::EC2::Route",
    },
    "WorkshopVPCpublicSubnet2EIP30EC892B": Object {
      "Properties": Object {
        "Domain": "vpc",
        "Tags": Array [
          Object {
            "Key": "Name",
            "Value": "VPCStack/WorkshopVPC/publicSubnet2",
          },
        ],
      },
      "Type": "AWS::EC2::EIP",
    },
    "WorkshopVPCpublicSubnet2NATGatewayEF44A90D": Object {
      "Properties": Object {
        "AllocationId": Object {
          "Fn::GetAtt": Array [
            "WorkshopVPCpublicSubnet2EIP30EC892B",
            "AllocationId",
          ],
        },
        "SubnetId": Object {
          "Ref": "WorkshopVPCpublicSubnet2Subnet91B14F62",
        },
        "Tags": Array [
          Object {
            "Key": "Name",
            "Value": "VPCStack/WorkshopVPC/publicSubnet2",
          },
        ],
      },
      "Type": "AWS::EC2::NatGateway",
    },
    "WorkshopVPCpublicSubnet2RouteTableAssociation41EF4ED8": Object {
      "Properties": Object {
        "RouteTableId": Object {
          "Ref": "WorkshopVPCpublicSubnet2RouteTableCD447869",
        },
        "SubnetId": Object {
          "Ref": "WorkshopVPCpublicSubnet2Subnet91B14F62",
        },
      },
      "Type": "AWS::EC2::SubnetRouteTableAssociation",
    },
    "WorkshopVPCpublicSubnet2RouteTableCD447869": Object {
      "Properties": Object {
        "Tags": Array [
          Object {
            "Key": "Name",
            "Value": "VPCStack/WorkshopVPC/publicSubnet2",
          },
        ],
        "VpcId": Object {
          "Ref": "WorkshopVPCEB5EA86E",
        },
      },
      "Type": "AWS::EC2::RouteTable",
    },
    "WorkshopVPCpublicSubnet2Subnet91B14F62": Object {
      "Properties": Object {
        "AvailabilityZone": Object {
          "Fn::Select": Array [
            1,
            Object {
              "Fn::GetAZs": "",
            },
          ],
        },
        "CidrBlock": "10.0.1.0/24",
        "MapPublicIpOnLaunch": true,
        "Tags": Array [
          Object {
            "Key": "aws-cdk:subnet-name",
            "Value": "public",
          },
          Object {
            "Key": "aws-cdk:subnet-type",
            "Value": "Public",
          },
          Object {
            "Key": "Name",
            "Value": "VPCStack/WorkshopVPC/publicSubnet2",
          },
        ],
        "VpcId": Object {
          "Ref": "WorkshopVPCEB5EA86E",
        },
      },
      "Type": "AWS::EC2::Subnet",
    },
  },
}
`;
